// Jest Snapshot v1, https://goo.gl/fbAQLP

exports[`<Heading /> renders correctly 1`] = `
.c0 {
  color: #1b56c5;
  font-family: bebas-neue;
  font-size: 3.5999999999999996rem;
  font-weight: 400;
  line-height: 3.5999999999999996rem;
  margin: 0 0 2.4rem;
  text-align: center;
}

<h2
  className="c0"
/>
`;
