// Jest Snapshot v1, https://goo.gl/fbAQLP

exports[`<Location /> renders correctly 1`] = `
.c1 {
  color: #1b56c5;
  font-family: bebas-neue;
  font-size: 3.5999999999999996rem;
  font-weight: 400;
  line-height: 3.5999999999999996rem;
  margin: 0 0 2.4rem;
  text-align: center;
}

.c0 {
  -webkit-align-items: center;
  -webkit-box-align: center;
  -ms-flex-align: center;
  align-items: center;
  display: -webkit-box;
  display: -webkit-flex;
  display: -ms-flexbox;
  display: flex;
  -webkit-flex-direction: column;
  -ms-flex-direction: column;
  flex-direction: column;
  min-height: 100vh;
  margin: 0 auto;
  padding: 2.4rem 0;
  position: relative;
  width: 80%;
}

.c2 {
  border: 0;
  -webkit-filter: grayscale(1);
  filter: grayscale(1);
  height: 14.399999999999999rem;
  margin-bottom: 2.4rem;
  width: 100%;
}

.c3 {
  -webkit-align-self: center;
  -ms-flex-item-align: center;
  align-self: center;
  font-size: 0.8999999999999999rem;
  line-height: 1.3;
  max-width: 33.6rem;
}

.c4 {
  margin: 0 0 1.2rem;
}

.c4:last-child {
  margin-bottom: 0;
}

.c5 {
  color: #1b56c5;
  position: relative;
  -webkit-text-decoration: none;
  text-decoration: none;
}

.c5::before {
  background-color: #fff;
  bottom: -3px;
  content: "";
  height: 2px;
  left: 0;
  position: absolute;
  -webkit-transform: scaleX(0);
  -ms-transform: scaleX(0);
  transform: scaleX(0);
  -webkit-transition: -webkit-transform 0.3s cubic-bezier(0.4,0,0.2,1);
  -webkit-transition: transform 0.3s cubic-bezier(0.4,0,0.2,1);
  transition: transform 0.3s cubic-bezier(0.4,0,0.2,1);
  width: 100%;
}

.c5:hover::before {
  background-color: #1b56c5;
  -webkit-transform: scaleX(1);
  -ms-transform: scaleX(1);
  transform: scaleX(1);
}

@media (min-width:768px) {
  .c3 {
    line-height: 1.4;
  }
}

@media (min-width:992px) {
  .c3 {
    line-height: 1.5;
  }
}

<section
  className="c0"
  id="location"
>
  <h2
    className="c1"
  >
    Location
  </h2>
  <iframe
    className="c2"
    src="https://www.google.com/maps/embed/v1/place?key=AIzaSyA0eUK8JOPmTAbb7mmk-Q59ioYz6VfvKlg&q=place_id:ChIJW9LhQoWScUgRpUZbE5MC6tY"
  />
  <div
    className="c3"
  >
    <p
      className="c4"
    >
      <a
        className="c5"
        href="http://kingswestonhouse.co.uk/"
      >
        Kings Weston House
      </a>
       is approximately fifteen minutes' drive from central Bristol, Temple Meads train station and near to Blaise Castle Estate. There is a free car park in the house grounds. If you need a taxi from the centre, we would recommend calling V Cars on
       
      <a
        className="c5"
        href="tel:0117 9252626"
      >
        0117 9252626
      </a>
       or using Uber.
    </p>
    <p
      className="c4"
    >
      If you need to spend the night in Bristol before or after the wedding then please ask us for our recommended places to stay.
    </p>
  </div>
</section>
`;
